// Jest Snapshot v1, https://goo.gl/fbAQLP

exports[`BrewPage component renders the UI as expected 1`] = `
<div>
  <div
    className="navigation"
  >
    <div
      className="cbt-navigation"
    >
      <div
        className="cbt-logo"
      >
        <a
          aria-current="page"
          className="active"
          href="/"
          onClick={[Function]}
          style={Object {}}
        >
          <img
            alt="cb-logo"
            className="cb-logo"
            src="chicagobrew-logo.png"
          />
        </a>
      </div>
      <nav
        className="nav"
      >
        <a
          aria-current={null}
          className="cbt-link__home"
          href="/dashboard"
          onClick={[Function]}
        >
          Home
        </a>
        <a
          aria-current={null}
          className="cbt-link__mybrew"
          href="/mybrews"
          onClick={[Function]}
        >
          My Brew
        </a>
      </nav>
    </div>
  </div>
  <section
    className="cbt-brew-page__container"
  >
    <header>
      <h1 />
    </header>
    <div
      className="cbt-brew-info__container"
    >
      <div
        className="cbt-brew_image"
      />
      <div
        className="cbt-brew_phone-number"
      >
        <span>
          Phone:
          <br />
        </span>
      </div>
      <div
        className="cbt-brew_address"
      >
        <span>
          Address:
          <br />
        </span>
      </div>
      <div
        className="cbt-brew_website"
      >
        <a
          target="blank"
        >
          Website
        </a>
      </div>
      <details
        className="cbt-brew_details"
        closed="true"
      >
        <summary>
          Details
        </summary>
      </details>
    </div>
    <div
      className="cbt-add-brew-item"
    >
      <button
        className="cbt-add-button"
        onClick={[Function]}
        tag={
          Object {
            "$$typeof": Symbol(react.forward_ref),
            "displayName": "Link",
            "propTypes": Object {
              "innerRef": [Function],
              "onClick": [Function],
              "replace": [Function],
              "target": [Function],
              "to": [Function],
            },
            "render": [Function],
          }
        }
        to="/mybrews"
      >
        Add to list
      </button>
    </div>
  </section>
</div>
`;
